Peak memory usage in bytes
default space: 0
space 'device': 350679604


                           Cost centre           count             sum             avg             min             max
----------------------------------------------------------------------------------------------------------------------
builtin#replicate_bool.replicate_18775               1         53.25μs         53.25μs         53.25μs         53.25μs
builtin#replicate_i32.replicate_18668               28        247.81μs          8.85μs          5.12μs         24.58μs
builtin#replicate_i8.replicate_18642                30        250.88μs          8.36μs          5.12μs         19.46μs
copy_dev_to_dev                                     26        376.83μs         14.49μs          8.19μs         41.98μs
copy_scalar_from_dev                                14        223.23μs         15.95μs         14.34μs         17.41μs
human_regular.seghist_global_18166                   1        653.31μs        653.31μs        653.31μs        653.31μs
human_regular.seghist_global_18403                  13        608.26μs         46.79μs          9.22μs        257.02μs
human_regular.segmap_18092                           1          9.22μs          9.22μs          9.22μs          9.22μs
human_regular.segmap_18142                           1         15.36μs         15.36μs         15.36μs         15.36μs
human_regular.segmap_18221                           1          9.22μs          9.22μs          9.22μs          9.22μs
human_regular.segmap_18251                           1        229.38μs        229.38μs        229.38μs        229.38μs
human_regular.segmap_18336                          13        123.90μs          9.53μs          6.14μs         17.41μs
human_regular.segmap_18466                          13        125.95μs          9.69μs          7.17μs         11.26μs
human_regular.segmap_18504                          13        365.57μs         28.12μs          9.22μs        121.86μs
human_regular.segscan_18090                          1         23.55μs         23.55μs         23.55μs         23.55μs
human_regular.segscan_18106                          1        156.67μs        156.67μs        156.67μs        156.67μs
human_regular.segscan_18114                          1         15.36μs         15.36μs         15.36μs         15.36μs
human_regular.segscan_18249                          1        401.41μs        401.41μs        401.41μs        401.41μs
human_regular.segscan_18265                         13        217.09μs         16.70μs         14.34μs         18.43μs
human_regular.segscan_18502                         13        659.46μs         50.73μs         13.31μs        210.94μs
----------------------------------------------------------------------------------------------------------------------
186 events with a total runtime of 4765.70μs
