Peak memory usage in bytes
default space: 0
space 'device': 350679604


                           Cost centre           count             sum             avg             min             max
----------------------------------------------------------------------------------------------------------------------
builtin#replicate_bool.replicate_18828               1         52.22μs         52.22μs         52.22μs         52.22μs
builtin#replicate_i32.replicate_18721               28        243.71μs          8.70μs          6.14μs         21.50μs
builtin#replicate_i8.replicate_18695                30        249.86μs          8.33μs          5.12μs         16.38μs
copy_dev_to_dev                                     26        388.10μs         14.93μs          8.19μs         43.01μs
copy_scalar_from_dev                                14        232.45μs         16.60μs         14.34μs         20.48μs
human_regular.seghist_global_18205                   1        611.33μs        611.33μs        611.33μs        611.33μs
human_regular.seghist_global_18456                  13        611.33μs         47.03μs         10.24μs        262.14μs
human_regular.segmap_18131                           1          9.22μs          9.22μs          9.22μs          9.22μs
human_regular.segmap_18181                           1         14.34μs         14.34μs         14.34μs         14.34μs
human_regular.segmap_18267                           1          7.17μs          7.17μs          7.17μs          7.17μs
human_regular.segmap_18304                           1        230.40μs        230.40μs        230.40μs        230.40μs
human_regular.segmap_18389                          13        116.74μs          8.98μs          6.14μs         18.43μs
human_regular.segmap_18519                          13        123.90μs          9.53μs          7.17μs         12.29μs
human_regular.segmap_18557                          13        365.57μs         28.12μs          9.22μs        121.86μs
human_regular.segscan_18129                          1         23.55μs         23.55μs         23.55μs         23.55μs
human_regular.segscan_18145                          1        161.79μs        161.79μs        161.79μs        161.79μs
human_regular.segscan_18153                          1         14.34μs         14.34μs         14.34μs         14.34μs
human_regular.segscan_18302                          1        408.58μs        408.58μs        408.58μs        408.58μs
human_regular.segscan_18318                         13        220.16μs         16.94μs         14.34μs         18.43μs
human_regular.segscan_18555                         13        654.34μs         50.33μs         13.31μs        207.87μs
----------------------------------------------------------------------------------------------------------------------
186 events with a total runtime of 4739.07μs
